---
source: crates/.rspack_crates/rspack_testing/src/run_fixture.rs
assertion_line: 146
---
```js title=main.js
(self['webpackChunkwebpack'] = self['webpackChunkwebpack'] || []).push([["main"], {
"./function.js": (function (__unused_webpack_module, __webpack_exports__, __webpack_require__) {
"use strict";
__webpack_require__.r(__webpack_exports__);
__webpack_require__.d(__webpack_exports__, {
  cal: function() { return cal; },
  cal2: function() { return cal2; }
});
const { add } = __webpack_require__(/*! ./utils */"./utils.js?id=2");
const { add_3 } = __webpack_require__(/*! ./util_1 */"./util_1.js");
 function cal() {
    const result = add(2 + 2);
    console.log("2 + 2 is %s, it is a %s number", result, isNumber(result));
}
 function cal2() {
    return add_3(0);
}
}),
"./index.js": (function (__unused_webpack_module, __unused_webpack_exports, __webpack_require__) {
console.log("Hello World!");
const { cal } = __webpack_require__(/*! ./function */"./function.js");
const { add } = __webpack_require__(/*! ./utils */"./utils.js?id=1");
cal();
console.log("1 + 1 is %s", add(1, 1));
console.log("The 'string' is String type is %s", isString('string'));
}),
"./util_1.js": (function (__unused_webpack_module, __webpack_exports__, __webpack_require__) {
"use strict";
__webpack_require__.r(__webpack_exports__);
__webpack_require__.d(__webpack_exports__, {
  add_3: function() { return add_3; }
});
 function add_3(a) {
    return a + 3;
}
}),
"./utils.js?id=1": (function (__unused_webpack_module, __webpack_exports__, __webpack_require__) {
"use strict";
__webpack_require__.r(__webpack_exports__);
__webpack_require__.d(__webpack_exports__, {
  add: function() { return add; },
  add_3_plus_1: function() { return add_3_plus_1; }
});
const { add_3 } = __webpack_require__(/*! ./util_1 */"./util_1.js");
 function add(x, y) {
    return x + y;
}
 function add_3_plus_1(x) {
    return add_3(x) + 1;
}
}),
"./utils.js?id=2": (function (__unused_webpack_module, __webpack_exports__, __webpack_require__) {
"use strict";
__webpack_require__.r(__webpack_exports__);
__webpack_require__.d(__webpack_exports__, {
  add: function() { return add; },
  add_3_plus_1: function() { return add_3_plus_1; }
});
const { add_3 } = __webpack_require__(/*! ./util_1 */"./util_1.js");
 function add(x, y) {
    return x + y;
}
 function add_3_plus_1(x) {
    return add_3(x) + 1;
}
}),

},function(__webpack_require__) {
var __webpack_exec__ = function(moduleId) { return __webpack_require__(__webpack_require__.s = moduleId) }
var __webpack_exports__ = (__webpack_exec__("./index.js"));

}
]);
```
